// Jest Snapshot v1, https://goo.gl/fbAQLP

exports[`ConvertImage render should render the 1`] = `
<ConvertImage
  format="webp"
  image="data:image/bmp;base64,abc123"
  onConversion={[Function]}
>
  <img
    src="data:image/bmp;base64,abc123"
  />
</ConvertImage>
`;
